---
source: lang/src/ast/test.rs
expression: "parse_display_script(\"\n        let assert = std.test.assert\n        let eq = std.ops.eq\n\n        fn main() {\n        \tassert(factorial(5), 12)\n        }\n\n        fn factorial(n) {\n        \tfactorial(n - 1) * n\n        }\n        \")"
---
Script(
 LetDeclare(
  Ident(assert)
  BinaryOp(
   BinaryOp(
    Ident(std)
    Dot(.)
    Ident(test)
   )
   Dot(.)
   Ident(assert)
  )
 )
 LetDeclare(
  Ident(eq)
  BinaryOp(
   BinaryOp(
    Ident(std)
    Dot(.)
    Ident(ops)
   )
   Dot(.)
   Ident(eq)
  )
 )
 FnDeclare(
  Ident(main)
  (
  )
  Block(
   FnCall(
    Ident(assert)
    FnCallArgs(
     FnCall(
      Ident(factorial)
      FnCallArgs(
       Number(5)
      )
     )
     Number(12)
    )
   )
  )
 )
 FnDeclare(
  Ident(factorial)
  (
   Arg(
    Ident(n)
   )
  )
  Block(
   BinaryOp(
    FnCall(
     Ident(factorial)
     FnCallArgs(
      BinaryOp(
       Ident(n)
       Subtraction(-)
       Number(1)
      )
     )
    )
    Multiplication(*)
    Ident(n)
   )
  )
 )
)
