---
source: lang/src/ast/test.rs
expression: "parse_display_script(\"\n        fn main() {\n            print(\\\"Hello world\\\")\n        }\n        \")"
---
Script(
 Declaration(
  FnDeclare(
   main
   Block(
    Statement(
     Expr(
      FnCall(
       Expr(
        Ident(
         print
        )
       )
       FnCallArgs(
        Expr(
         StringLiteral(
          "Hello world"
         )
        )
       )
      )
     )
    )
   )
  )
 )
)
