---
source: lang/src/ast/test.rs
expression: "parse_display_script(\"\n        let a = 4\n        let asjldf = \\\"asjldf\\\"\n        \")"
---
ModuleRoot(
 LetDeclare(
  private
  Assignment(
   Name(
    a
   )
   IntegerLiteral(
    4
   )
  )
 )
 LetDeclare(
  private
  Assignment(
   Name(
    asjldf
   )
   StringLiteral(
    asjldf
   )
  )
 )
)
