---
source: lang/src/ast/test.rs
expression: "parse_display_script(\"\n        let val = foo(3)\n        let val = foo(bar(4))\n        \")"
---
Script(
 Declaration(
  LetDeclare(
   val
   Expr(
    FnCall(
     Expr(
      Ident(
       foo
      )
     )
     FnCallArgs(
      Expr(
       IntegerLiteral(
        3
       )
      )
     )
    )
   )
  )
 )
 Declaration(
  LetDeclare(
   val
   Expr(
    FnCall(
     Expr(
      Ident(
       foo
      )
     )
     FnCallArgs(
      Expr(
       FnCall(
        Expr(
         Ident(
          bar
         )
        )
        FnCallArgs(
         Expr(
          IntegerLiteral(
           4
          )
         )
        )
       )
      )
     )
    )
   )
  )
 )
)
