---
source: lang/src/ast/test.rs
expression: parse_display_script(src)
---
ModuleRoot(
 LetDeclare(
  private
  Assignment(
   Name(
    NamedDestructure(
     NamedDestructureElement(
      a
      TypeSpec(
       Ident(
        Integer
       )
      )
     )
     NamedDestructureElement(
      b
     )
    )
   )
   List(
    ListElement(
     IntegerLiteral(
      4
     )
    )
    ListElement(
     IntegerLiteral(
      6
     )
    )
   )
  )
 )
)
