---
source: lang/src/ast/test.rs
expression: "parse_display_script(\"\n        let foo = fn(a: A, b: B) {}\n        \")"
---
ModuleRoot(
 LetDeclare(
  private
  foo
  AnonymousFnDeclare(
   Args(
    a
    TypeSpec(
     Ident(
      A
     )
    )
    b
    TypeSpec(
     Ident(
      B
     )
    )
   )
   Block(
   )
  )
 )
)
