---
source: lang/src/ast/test.rs
expression: "parse_display_script(\"\n        let val = foo(3)\n        let val = foo(bar(4))\n        \")"
---
Script(
 LetDeclare(
  Ident(val)
  FnCall(
   Ident(foo)
   FnCallArgs(
    Number(3)
   )
  )
 )
 LetDeclare(
  Ident(val)
  FnCall(
   Ident(foo)
   FnCallArgs(
    FnCall(
     Ident(bar)
     FnCallArgs(
      Number(4)
     )
    )
   )
  )
 )
)
