---
source: lang/src/ast/test.rs
expression: "parse_display_script(\"\n        fn main() {\n            print(\\\"Hello world\\\")\n        }\n        \")"
---
Script(
 FnDeclare(
  Ident(main)
  (
  )
  Block(
   FnCall(
    Ident(print)
    FnCallArgs(
     DoubleQuoteLiteral("Hello world")
    )
   )
  )
 )
)
