---
source: core/src/ast/parser.rs
expression: "parse_display_expr(\"1 - 3 / 2 + 4 * 3\")"
---
BinaryOp(
 BinaryOp(
  IntegerLiteral(
   1
  )
  -
  BinaryOp(
   IntegerLiteral(
    3
   )
   /
   IntegerLiteral(
    2
   )
  )
 )
 +
 BinaryOp(
  IntegerLiteral(
   4
  )
  *
  IntegerLiteral(
   3
  )
 )
)
