---
source: core/tests/errors.rs
expression: "run_error(concat!\n(\"tests/errors/\", stringify! (fail_union_type_check), \".rain\"))"
---
<hidden>:6:12 main
<hidden>:9:5 main-inner
<hidden>:87:4 Union-inner
<hidden>:11:3
| 	})
| 	if res.success {
| 		internal._throw(f"type error for ${res.value}, expected ${expected}")
  		^^^^^^^^^^^^^^^^^^^^^^^^^^^^^^^^^^^^^^^^^^^^^^^^^^^^^^^^^^^^^^^^^^^^^ "type error for false, expected Union"
