---
source: core/tests/errors.rs
expression: "run_error(concat!\n(\"tests/errors/\", stringify! (conflicting_overlay_files), \".rain\"))"
---
<hidden>:4:12 main
<hidden>:5:2 main
<hidden>:57:2
| pub let create_area = create_flat_area
| pub let create_flat_area = fn(fs_entries: List(Any)) -> Area {
| 	internal._create_area(fs_entries, true, false)
  	^^^^^^^^^^^^^^^^^^^^^^^^^^^^^^^^^^^^^^^^^^^^^^ unrecoverable error: conflicting file names: foo.txt
