---
source: core/tests/run_scripts.rs
expression: "run(concat! (\"tests/scripts/\", stringify! (check_import_sugar), \".rain\"))"
---
Err
<hidden>:1:34
| let foo_bar = import("foo", "bar")
                                   ^ unrecoverable error: check error: wrong number of arguments: expected 1, actual 2
